
> frontend@0.0.0 dev
> vite --host 127.0.0.1 --port 5173

[2m11:08:50 am[22m [36m[1m[vite][22m[39m [90m[2m(client)[22m[39m Re-optimizing dependencies because vite config has changed

  [32m[1mVITE[22m v8.0.16[39m  [2mready in [0m[1m251[22m[2m[0m ms[22m

  [32m➜[39m  [1mLocal[22m:   [36mhttp://127.0.0.1:[1m5173[22m/[39m
[2m11:36:45 am[22m [36m[1m[vite][22m[39m [90m[2m(client)[22m[39m [32mhmr update [39m[2m/src/styles/landing.css[22m
[2m11:38:05 am[22m [36m[1m[vite][22m[39m [32mvite.config.js changed, restarting server...[39m
[2m11:38:10 am[22m [36m[1m[vite][22m[39m [90m[2m(client)[22m[39m Re-optimizing dependencies because lockfile has changed
[2m11:38:10 am[22m [36m[1m[vite][22m[39m server restarted.
[2m11:38:34 am[22m [36m[1m[vite][22m[39m [90m[2m(client)[22m[39m [32mhmr update [39m[2m/src/index.css[22m
[2m11:39:12 am[22m [36m[1m[vite][22m[39m [90m[2m(client)[22m[39m [32mhmr update [39m[2m/src/styles/landing.css, /src/index.css[22m
[2m11:39:40 am[22m [36m[1m[vite][22m[39m [90m[2m(client)[22m[39m [32mhmr update [39m[2m/src/pages/LandingPage.jsx, /src/index.css[22m
[2m11:40:13 am[22m [36m[1m[vite][22m[39m [90m[2m(client)[22m[39m [32mhmr update [39m[2m/src/components/landing/Navbar.jsx, /src/index.css[22m
[2m11:41:07 am[22m [36m[1m[vite][22m[39m [90m[2m(client)[22m[39m [32mhmr update [39m[2m/src/components/landing/Hero.jsx, /src/index.css[22m
[2m11:41:24 am[22m [36m[1m[vite][22m[39m [90m[2m(client)[22m[39m [32mhmr update [39m[2m/src/components/landing/Stats.jsx, /src/index.css[22m
[2m11:41:48 am[22m [36m[1m[vite][22m[39m [90m[2m(client)[22m[39m [32mhmr update [39m[2m/src/components/landing/Features.jsx, /src/index.css[22m
[2m11:42:08 am[22m [36m[1m[vite][22m[39m [90m[2m(client)[22m[39m [32mhmr update [39m[2m/src/components/landing/Workflow.jsx, /src/index.css[22m
[2m11:42:38 am[22m [36m[1m[vite][22m[39m [90m[2m(client)[22m[39m [32mhmr update [39m[2m/src/components/landing/Testimonials.jsx, /src/index.css[22m
[2m11:43:01 am[22m [36m[1m[vite][22m[39m [90m[2m(client)[22m[39m [32mhmr update [39m[2m/src/components/landing/CTA.jsx, /src/index.css[22m
[2m11:43:17 am[22m [36m[1m[vite][22m[39m [90m[2m(client)[22m[39m [32mhmr update [39m[2m/src/components/landing/Footer.jsx, /src/index.css[22m
[2m11:47:19 am[22m [36m[1m[vite][22m[39m [90m[2m(client)[22m[39m [32mhmr update [39m[2m/src/components/landing/CTA.jsx, /src/index.css[22m
[2m11:53:21 am[22m [36m[1m[vite][22m[39m [90m[2m(client)[22m[39m [32mhmr update [39m[2m/src/components/landing/Testimonials.jsx, /src/index.css[22m
[2m11:54:19 am[22m [36m[1m[vite][22m[39m [90m[2m(client)[22m[39m [32mhmr update [39m[2m/src/pages/LandingPage.jsx, /src/index.css[22m
[2m11:55:20 am[22m [36m[1m[vite][22m[39m [90m[2m(client)[22m[39m [32mhmr update [39m[2m/src/index.css[22m
[2m11:57:17 am[22m [36m[1m[vite][22m[39m [90m[2m(client)[22m[39m [32mhmr update [39m[2m/src/pages/LandingPage.jsx, /src/index.css[22m
[2m11:58:21 am[22m [36m[1m[vite][22m[39m [90m[2m(client)[22m[39m [32mhmr update [39m[2m/src/pages/LandingPage.jsx, /src/index.css[22m
[2m11:58:34 am[22m [36m[1m[vite][22m[39m [90m[2m(client)[22m[39m [32mhmr update [39m[2m/src/pages/LandingPage.jsx, /src/index.css[22m
[2m11:58:40 am[22m [36m[1m[vite][22m[39m [90m[2m(client)[22m[39m [32mhmr update [39m[2m/src/pages/LandingPage.jsx, /src/index.css[22m
[2m12:00:25 pm[22m [36m[1m[vite][22m[39m [90m[2m(client)[22m[39m [32mhmr update [39m[2m/src/pages/LandingPage.jsx, /src/index.css[22m
[2m12:01:45 pm[22m [36m[1m[vite][22m[39m [90m[2m(client)[22m[39m [32mhmr update [39m[2m/src/components/landing/CTA.jsx, /src/index.css[22m
[2m12:03:28 pm[22m [36m[1m[vite][22m[39m [90m[2m(client)[22m[39m [32mhmr update [39m[2m/src/components/landing/Footer.jsx, /src/index.css[22m
[2m12:04:10 pm[22m [36m[1m[vite][22m[39m [90m[2m(client)[22m[39m [32mhmr update [39m[2m/src/components/landing/Footer.jsx, /src/index.css[22m
[2m12:05:14 pm[22m [36m[1m[vite][22m[39m [90m[2m(client)[22m[39m [32mhmr update [39m[2m/src/components/landing/Navbar.jsx, /src/index.css[22m
[2m12:06:48 pm[22m [36m[1m[vite][22m[39m [90m[2m(client)[22m[39m [32mhmr update [39m[2m/src/components/landing/Navbar.jsx, /src/index.css[22m
[2m12:07:01 pm[22m [36m[1m[vite][22m[39m [90m[2m(client)[22m[39m [32mhmr update [39m[2m/src/components/landing/Navbar.jsx, /src/index.css[22m
[2m12:11:11 pm[22m [36m[1m[vite][22m[39m [90m[2m(client)[22m[39m [32mhmr update [39m[2m/src/pages/LandingPage.jsx, /src/index.css[22m
[2m12:11:52 pm[22m [36m[1m[vite][22m[39m [90m[2m(client)[22m[39m [32mhmr update [39m[2m/src/components/landing/Navbar.jsx, /src/index.css[22m
[2m12:12:06 pm[22m [36m[1m[vite][22m[39m [90m[2m(client)[22m[39m [32mhmr update [39m[2m/src/components/landing/Navbar.jsx, /src/index.css[22m
[2m12:12:08 pm[22m [36m[1m[vite][22m[39m [90m[2m(client)[22m[39m [32mhmr update [39m[2m/src/components/landing/Navbar.jsx, /src/index.css[22m
[2m12:12:56 pm[22m [36m[1m[vite][22m[39m [90m[2m(client)[22m[39m [32mhmr update [39m[2m/src/components/landing/Navbar.jsx, /src/index.css[22m
[2m12:12:56 pm[22m [36m[1m[vite][22m[39m [90m[2m(client)[22m[39m [32mhmr update [39m[2m/src/components/landing/Navbar.jsx, /src/index.css[22m
[2m12:12:57 pm[22m [36m[1m[vite][22m[39m [90m[2m(client)[22m[39m [32mhmr update [39m[2m/src/components/landing/Navbar.jsx, /src/index.css[22m
[2m12:13:31 pm[22m [36m[1m[vite][22m[39m [90m[2m(client)[22m[39m [32mhmr update [39m[2m/src/components/landing/Navbar.jsx, /src/index.css[22m
[2m12:15:08 pm[22m [36m[1m[vite][22m[39m [90m[2m(client)[22m[39m [32mhmr update [39m[2m/src/pages/LandingPage.jsx, /src/index.css[22m
[2m12:15:18 pm[22m [36m[1m[vite][22m[39m [90m[2m(client)[22m[39m [32mhmr update [39m[2m/src/pages/LandingPage.jsx, /src/index.css[22m
[2m12:15:25 pm[22m [36m[1m[vite][22m[39m [90m[2m(client)[22m[39m [32mhmr update [39m[2m/src/pages/LandingPage.jsx, /src/index.css[22m
[2m12:15:25 pm[22m [36m[1m[vite][22m[39m [90m[2m(client)[22m[39m [32mhmr update [39m[2m/src/pages/LandingPage.jsx, /src/index.css[22m
[2m12:15:33 pm[22m [36m[1m[vite][22m[39m [90m[2m(client)[22m[39m [32mhmr update [39m[2m/src/pages/LandingPage.jsx, /src/index.css[22m
[2m12:15:39 pm[22m [36m[1m[vite][22m[39m [90m[2m(client)[22m[39m [32mhmr update [39m[2m/src/pages/LandingPage.jsx, /src/index.css[22m
[2m12:15:40 pm[22m [36m[1m[vite][22m[39m [90m[2m(client)[22m[39m [32mhmr update [39m[2m/src/pages/LandingPage.jsx, /src/index.css[22m
[2m12:15:40 pm[22m [36m[1m[vite][22m[39m [90m[2m(client)[22m[39m [32mhmr update [39m[2m/src/pages/LandingPage.jsx, /src/index.css[22m
[2m12:15:55 pm[22m [36m[1m[vite][22m[39m [90m[2m(client)[22m[39m [32mhmr update [39m[2m/src/pages/LandingPage.jsx, /src/index.css[22m
[2m12:15:55 pm[22m [36m[1m[vite][22m[39m [90m[2m(client)[22m[39m [32mhmr update [39m[2m/src/pages/LandingPage.jsx, /src/index.css[22m
[2m12:17:40 pm[22m [36m[1m[vite][22m[39m [90m[2m(client)[22m[39m [32mhmr update [39m[2m/src/pages/LandingPage.jsx, /src/index.css[22m
[2m12:18:04 pm[22m [36m[1m[vite][22m[39m [90m[2m(client)[22m[39m [32mpage reload [39m[2mindex.html[22m
[2m12:18:16 pm[22m [36m[1m[vite][22m[39m [90m[2m(client)[22m[39m [32mhmr update [39m[2m/src/index.css[22m
[2m12:21:17 pm[22m [36m[1m[vite][22m[39m [90m[2m(client)[22m[39m [32mhmr update [39m[2m/src/pages/LandingPage.jsx, /src/index.css[22m
[2m12:23:04 pm[22m [36m[1m[vite][22m[39m [90m[2m(client)[22m[39m [32mhmr update [39m[2m/src/pages/LandingPage.jsx, /src/index.css[22m
[2m12:23:49 pm[22m [36m[1m[vite][22m[39m [90m[2m(client)[22m[39m [32mhmr update [39m[2m/src/pages/LandingPage.jsx, /src/index.css[22m
[2m12:23:59 pm[22m [36m[1m[vite][22m[39m [90m[2m(client)[22m[39m [32mhmr update [39m[2m/src/pages/LandingPage.jsx, /src/index.css[22m
[2m12:24:16 pm[22m [36m[1m[vite][22m[39m [90m[2m(client)[22m[39m [32mhmr update [39m[2m/src/pages/LandingPage.jsx, /src/index.css[22m
[2m12:25:22 pm[22m [36m[1m[vite][22m[39m [90m[2m(client)[22m[39m [32mhmr update [39m[2m/src/pages/LandingPage.jsx, /src/index.css[22m
[2m12:25:47 pm[22m [36m[1m[vite][22m[39m [90m[2m(client)[22m[39m [32mhmr update [39m[2m/src/pages/LandingPage.jsx, /src/index.css[22m
[2m12:25:51 pm[22m [36m[1m[vite][22m[39m [90m[2m(client)[22m[39m [32mhmr update [39m[2m/src/pages/LandingPage.jsx, /src/index.css[22m
[2m12:26:32 pm[22m [36m[1m[vite][22m[39m [90m[2m(client)[22m[39m [32mhmr update [39m[2m/src/pages/LandingPage.jsx, /src/index.css[22m
[2m12:28:17 pm[22m [36m[1m[vite][22m[39m [90m[2m(client)[22m[39m [32mhmr update [39m[2m/src/pages/LandingPage.jsx, /src/index.css[22m
[2m12:28:28 pm[22m [36m[1m[vite][22m[39m [90m[2m(client)[22m[39m [32mhmr update [39m[2m/src/pages/LandingPage.jsx, /src/index.css[22m
[2m12:28:28 pm[22m [36m[1m[vite][22m[39m [90m[2m(client)[22m[39m [32mhmr update [39m[2m/src/pages/LandingPage.jsx, /src/index.css[22m
[2m12:28:29 pm[22m [36m[1m[vite][22m[39m [90m[2m(client)[22m[39m [32mhmr update [39m[2m/src/pages/LandingPage.jsx, /src/index.css[22m
[2m12:28:43 pm[22m [36m[1m[vite][22m[39m [90m[2m(client)[22m[39m [32mhmr update [39m[2m/src/pages/LandingPage.jsx, /src/index.css[22m
[2m12:29:58 pm[22m [36m[1m[vite][22m[39m [90m[2m(client)[22m[39m [32mhmr update [39m[2m/src/pages/LandingPage.jsx, /src/index.css[22m
[2m12:30:08 pm[22m [36m[1m[vite][22m[39m [90m[2m(client)[22m[39m [32mhmr update [39m[2m/src/pages/LandingPage.jsx, /src/index.css[22m
